
> temp-app@0.1.0 dev
> next dev

▲ Next.js 16.2.2 (Turbopack)
- Local:         http://localhost:3000
- Network:       http://192.168.100.26:3000
- Environments: .env
✓ Ready in 3.5s

 GET /products 200 in 7.4s (next.js: 4.9s, application-code: 2.4s)
 GET /products 200 in 933ms (next.js: 30ms, application-code: 903ms)
 GET /products 200 in 985ms (next.js: 14ms, application-code: 972ms)
[browser] Image with src "/images/proj-3.jpg" was detected as the Largest Contentful Paint (LCP). Please add the `loading="eager"` property if this image is above the fold.
Read more: https://nextjs.org/docs/app/api-reference/components/image#loading (file://C:/Users/SFG DESIGN/Desktop/Arusha-Home-Design-articture/.next/dev/static/chunks/node_modules_next_dist_115brz8._.js:2431:13)
 GET /projects 200 in 1904ms (next.js: 582ms, application-code: 1323ms)
 GET /products 200 in 16.0s (next.js: 12.6s, application-code: 3.4s)
 GET /products 200 in 10.3s (next.js: 28ms, application-code: 10.3s)
 GET /products 200 in 3.2s (next.js: 470ms, application-code: 2.8s)
 GET /products 200 in 1157ms (next.js: 19ms, application-code: 1138ms)
 GET /products 200 in 3.9s (next.js: 18ms, application-code: 3.9s)
 GET /products 200 in 3.9s (next.js: 550ms, application-code: 3.4s)
 GET /products 200 in 4.4s (next.js: 1974ms, application-code: 2.4s)
 GET /products 200 in 4.4s (next.js: 2.1s, application-code: 2.3s)
 GET /products 200 in 1122ms (next.js: 177ms, application-code: 945ms)
 GET /products 200 in 251ms (next.js: 83ms, application-code: 167ms)
 GET /products 200 in 346ms (next.js: 21ms, application-code: 325ms)
 GET /products 200 in 2.4s (next.js: 12ms, application-code: 2.3s)
 GET /products 200 in 735ms (next.js: 200ms, application-code: 535ms)
 GET /products 200 in 283ms (next.js: 121ms, application-code: 162ms)
 GET /products 200 in 425ms (next.js: 52ms, application-code: 373ms)
 GET /projects 200 in 1914ms (next.js: 28ms, application-code: 1886ms)
 GET /products 200 in 913ms (next.js: 10ms, application-code: 903ms)
 GET /products/AHD-38901 200 in 8.1s (next.js: 7.9s, application-code: 233ms)
 GET /products/AHD-38901 200 in 177ms (next.js: 45ms, application-code: 131ms)
 GET /products 200 in 132ms (next.js: 7ms, application-code: 126ms)
 GET /projects 200 in 3.2s (next.js: 23ms, application-code: 3.2s)
○ Compiling /projects ...
✓ Compiled in 28.4s
✓ Finished writing to filesystem cache in 12.0s
 GET /projects 200 in 40s (next.js: 24.7s, application-code: 15.6s)
 GET /projects 200 in 10.9s (next.js: 3.9s, application-code: 7.0s)
 GET /projects 200 in 10.4s (next.js: 7.0s, application-code: 3.4s)
 GET /projects 200 in 10.4s (next.js: 8.2s, application-code: 2.2s)
 GET /projects 200 in 10.9s (next.js: 9.6s, application-code: 1318ms)
 GET /projects 200 in 6.4s (next.js: 13ms, application-code: 6.4s)
 GET /projects 200 in 6.2s (next.js: 150ms, application-code: 6.1s)
 GET /projects 200 in 6.2s (next.js: 2.6s, application-code: 3.6s)
 GET /projects 200 in 6.2s (next.js: 4.4s, application-code: 1855ms)
 GET /projects 200 in 1649ms (next.js: 14ms, application-code: 1635ms)
⨯ Error: querySrv ECONNREFUSED _mongodb._tcp.cluster0.vytqnir.mongodb.net
    at ignore-listed frames {
  errno: undefined,
  code: 'ECONNREFUSED',
  syscall: 'querySrv',
  hostname: '_mongodb._tcp.cluster0.vytqnir.mongodb.net',
  digest: '656126274'
}
 POST /projects 500 in 54s (next.js: 353ms, application-code: 53s)
  └─ ƒ getProjects() in 564ms app/actions/admin.ts
[browser] Failed to fetch projects Error: querySrv ECONNREFUSED _mongodb._tcp.cluster0.vytqnir.mongodb.net
    at resolveErrorDev (file://C:/Users/SFG DESIGN/Desktop/Arusha-Home-Design-articture/.next/dev/static/chunks/node_modules_next_dist_compiled_react-server-dom-turbopack_0p3wegg._.js:1919:105)
    at processFullStringRow (file://C:/Users/SFG DESIGN/Desktop/Arusha-Home-Design-articture/.next/dev/static/chunks/node_modules_next_dist_compiled_react-server-dom-turbopack_0p3wegg._.js:2434:29)
    at processFullBinaryRow (file://C:/Users/SFG DESIGN/Desktop/Arusha-Home-Design-articture/.next/dev/static/chunks/node_modules_next_dist_compiled_react-server-dom-turbopack_0p3wegg._.js:2393:9)
    at processBinaryChunk (file://C:/Users/SFG DESIGN/Desktop/Arusha-Home-Design-articture/.next/dev/static/chunks/node_modules_next_dist_compiled_react-server-dom-turbopack_0p3wegg._.js:2502:221)
    at progress (file://C:/Users/SFG DESIGN/Desktop/Arusha-Home-Design-articture/.next/dev/static/chunks/node_modules_next_dist_compiled_react-server-dom-turbopack_0p3wegg._.js:2689:13) (file://C:/Users/SFG DESIGN/Desktop/Arusha-Home-Design-articture/.next/dev/static/chunks/_0fhua.x._.js?id=%255Bproject%255D%252Fcomponents%252Fsections%252FProjectsGrid.tsx+%255Bapp-client%255D+%2528ecmascript%2529:43:33)
⨯ Error: querySrv ECONNREFUSED _mongodb._tcp.cluster0.vytqnir.mongodb.net
    at ignore-listed frames {
  errno: undefined,
  code: 'ECONNREFUSED',
  syscall: 'querySrv',
  hostname: '_mongodb._tcp.cluster0.vytqnir.mongodb.net',
  digest: '656126274'
}
 POST /projects 500 in 1990ms (next.js: 1018ms, application-code: 973ms)
  └─ ƒ getProjects() in 842ms app/actions/admin.ts
[browser] Failed to fetch projects Error: querySrv ECONNREFUSED _mongodb._tcp.cluster0.vytqnir.mongodb.net
    at resolveErrorDev (file://C:/Users/SFG DESIGN/Desktop/Arusha-Home-Design-articture/.next/dev/static/chunks/node_modules_next_dist_compiled_react-server-dom-turbopack_0p3wegg._.js:1919:105)
    at processFullStringRow (file://C:/Users/SFG DESIGN/Desktop/Arusha-Home-Design-articture/.next/dev/static/chunks/node_modules_next_dist_compiled_react-server-dom-turbopack_0p3wegg._.js:2434:29)
    at processFullBinaryRow (file://C:/Users/SFG DESIGN/Desktop/Arusha-Home-Design-articture/.next/dev/static/chunks/node_modules_next_dist_compiled_react-server-dom-turbopack_0p3wegg._.js:2393:9)
    at processBinaryChunk (file://C:/Users/SFG DESIGN/Desktop/Arusha-Home-Design-articture/.next/dev/static/chunks/node_modules_next_dist_compiled_react-server-dom-turbopack_0p3wegg._.js:2502:221)
    at progress (file://C:/Users/SFG DESIGN/Desktop/Arusha-Home-Design-articture/.next/dev/static/chunks/node_modules_next_dist_compiled_react-server-dom-turbopack_0p3wegg._.js:2689:13) (file://C:/Users/SFG DESIGN/Desktop/Arusha-Home-Design-articture/.next/dev/static/chunks/_0fhua.x._.js?id=%255Bproject%255D%252Fcomponents%252Fsections%252FProjectsGrid.tsx+%255Bapp-client%255D+%2528ecmascript%2529:43:33)
 GET /products 200 in 383ms (next.js: 126ms, application-code: 257ms)
 GET / 200 in 1444ms (next.js: 357ms, application-code: 1087ms)
 GET / 200 in 835ms (next.js: 204ms, application-code: 631ms)
✓ Compiled in 4.9s
 GET / 200 in 7.9s (next.js: 5.2s, application-code: 2.7s)
 GET / 200 in 761ms (next.js: 216ms, application-code: 545ms)
 GET / 200 in 2.3s (next.js: 45ms, application-code: 2.3s)
 GET / 200 in 2.7s (next.js: 1325ms, application-code: 1336ms)
✓ Finished filesystem cache database compaction in 17.7s
 GET / 200 in 2.7s (next.js: 367ms, application-code: 2.4s)
 GET / 200 in 3.4s (next.js: 124ms, application-code: 3.3s)
 GET / 200 in 8.7s (next.js: 762ms, application-code: 7.9s)
 GET / 200 in 9.1s (next.js: 3.7s, application-code: 5.4s)
 GET /products 200 in 17.4s (next.js: 6.1s, application-code: 11.3s)
 GET /projects 200 in 15.2s (next.js: 3.2s, application-code: 12.0s)
✓ Compiled in 414ms
✓ Compiled in 812ms
✓ Compiled in 1506ms
✓ Compiled in 312ms
✓ Compiled in 2.4s
 GET /projects 200 in 8.7s (next.js: 5.7s, application-code: 3.0s)
 GET /projects 200 in 2.8s (next.js: 133ms, application-code: 2.7s)
✓ Compiled in 1534ms
✓ Compiled in 4.9s
✓ Finished writing to filesystem cache in 13.3s
 GET /projects 200 in 17.3s (next.js: 11.1s, application-code: 6.1s)
 GET /projects 200 in 2.6s (next.js: 903ms, application-code: 1707ms)
 GET /projects 200 in 877ms (next.js: 9ms, application-code: 868ms)
✓ Compiled in 1002ms
✓ Finished writing to filesystem cache in 10.7s
 GET /projects 200 in 17.7s (next.js: 7.7s, application-code: 10.0s)
 GET /projects 200 in 1034ms (next.js: 18ms, application-code: 1016ms)
 GET /products 200 in 308ms (next.js: 79ms, application-code: 229ms)
 GET /products/AHD-23307 200 in 994ms (next.js: 644ms, application-code: 350ms)
 GET /products 200 in 1019ms (next.js: 12ms, application-code: 1007ms)
 GET /products/AHD-24411 200 in 707ms (next.js: 8ms, application-code: 699ms)
 GET /products/AHD-22304 200 in 584ms (next.js: 65ms, application-code: 520ms)
 GET /products 200 in 142ms (next.js: 13ms, application-code: 130ms)
✓ Compiled in 1984ms
 GET /products 200 in 4.7s (next.js: 1753ms, application-code: 2.9s)
 GET /products 200 in 620ms (next.js: 20ms, application-code: 600ms)
 GET /products 200 in 3.4s (next.js: 950ms, application-code: 2.5s)
 GET /products 200 in 2.3s (next.js: 123ms, application-code: 2.2s)
 GET /products 200 in 3.2s (next.js: 1227ms, application-code: 1963ms)
 GET /products 200 in 3.2s (next.js: 8ms, application-code: 3.2s)
 GET /products 200 in 2.8s (next.js: 262ms, application-code: 2.5s)
 GET /products 200 in 1512ms (next.js: 399ms, application-code: 1113ms)
 GET /products 200 in 947ms (next.js: 13ms, application-code: 934ms)
 GET /products/ID%2099901 200 in 816ms (next.js: 197ms, application-code: 619ms)
 GET /products 200 in 2.4s (next.js: 31ms, application-code: 2.4s)
 GET /products/ID%2019908 200 in 1251ms (next.js: 264ms, application-code: 987ms)
 GET /products/AHD-22304 200 in 1267ms (next.js: 232ms, application-code: 1035ms)
○ Compiling /products/[id] ...
✓ Compiled in 69.1s
✓ Finished writing to filesystem cache in 11.4s
 GET /products/AHD-22304 200 in 45s (next.js: 29.3s, application-code: 15.3s)
 GET /products/AHD-22304 200 in 8.2s (next.js: 1551ms, application-code: 6.7s)
 GET /products/AHD-22304 200 in 5.3s (next.js: 199ms, application-code: 5.1s)
 GET /products/AHD-22304 200 in 5.3s (next.js: 1836ms, application-code: 3.4s)
 GET /products/AHD-22304 200 in 3.9s (next.js: 249ms, application-code: 3.6s)
 GET /products/AHD-22304 200 in 3.9s (next.js: 147ms, application-code: 3.8s)
 GET /products/AHD-22304 200 in 4.0s (next.js: 1549ms, application-code: 2.4s)
 GET /products/AHD-22304 200 in 3.2s (next.js: 293ms, application-code: 3.0s)
 GET /products/AHD-22304 200 in 2.6s (next.js: 129ms, application-code: 2.5s)
 GET /products/AHD-22304 200 in 2.7s (next.js: 484ms, application-code: 2.2s)
 GET /products/AHD-22304 200 in 3.2s (next.js: 351ms, application-code: 2.9s)
 GET /products/AHD-22304 200 in 2.6s (next.js: 242ms, application-code: 2.3s)
 GET /products/AHD-22304 200 in 2.6s (next.js: 933ms, application-code: 1697ms)
 GET /products/AHD-22304 200 in 2.6s (next.js: 1537ms, application-code: 1030ms)
[browser] Uncaught TypeError: Cannot read properties of undefined (reading 'images')
    at ProductDetailClient (file://C:/Users/SFG DESIGN/Desktop/Arusha-Home-Design-articture/.next/dev/static/chunks/_0ichirw._.js?id=%255Bproject%255D%252Fcomponents%252Fcatalog%252FProductDetailClient.tsx+%255Bapp-client%255D+%2528ecmascript%2529:46:29)
    at Object.react_stack_bottom_frame (file://C:/Users/SFG DESIGN/Desktop/Arusha-Home-Design-articture/.next/dev/static/chunks/node_modules_next_dist_compiled_react-dom_058-ah~._.js:15037:24)
    at renderWithHooks (file://C:/Users/SFG DESIGN/Desktop/Arusha-Home-Design-articture/.next/dev/static/chunks/node_modules_next_dist_compiled_react-dom_058-ah~._.js:4620:24)
    at updateFunctionComponent (file://C:/Users/SFG DESIGN/Desktop/Arusha-Home-Design-articture/.next/dev/static/chunks/node_modules_next_dist_compiled_react-dom_058-ah~._.js:6081:21)
    at beginWork (file://C:/Users/SFG DESIGN/Desktop/Arusha-Home-Design-articture/.next/dev/static/chunks/node_modules_next_dist_compiled_react-dom_058-ah~._.js:6691:24)
    at runWithFiberInDEV (file://C:/Users/SFG DESIGN/Desktop/Arusha-Home-Design-articture/.next/dev/static/chunks/node_modules_next_dist_compiled_react-dom_058-ah~._.js:965:74)
    at performUnitOfWork (file://C:/Users/SFG DESIGN/Desktop/Arusha-Home-Design-articture/.next/dev/static/chunks/node_modules_next_dist_compiled_react-dom_058-ah~._.js:9555:97)
    at workLoopSync (file://C:/Users/SFG DESIGN/Desktop/Arusha-Home-Design-articture/.next/dev/static/chunks/node_modules_next_dist_compiled_react-dom_058-ah~._.js:9449:40)
    at renderRootSync (file://C:/Users/SFG DESIGN/Desktop/Arusha-Home-Design-articture/.next/dev/static/chunks/node_modules_next_dist_compiled_react-dom_058-ah~._.js:9433:13)
    at performWorkOnRoot (file://C:/Users/SFG DESIGN/Desktop/Arusha-Home-Design-articture/.next/dev/static/chunks/node_modules_next_dist_compiled_react-dom_058-ah~._.js:9061:186)
    at performSyncWorkOnRoot (file://C:/Users/SFG DESIGN/Desktop/Arusha-Home-Design-articture/.next/dev/static/chunks/node_modules_next_dist_compiled_react-dom_058-ah~._.js:10263:9)
    at flushSyncWorkAcrossRoots_impl (file://C:/Users/SFG DESIGN/Desktop/Arusha-Home-Design-articture/.next/dev/static/chunks/node_modules_next_dist_compiled_react-dom_058-ah~._.js:10179:316)
    at processRootScheduleInMicrotask (file://C:/Users/SFG DESIGN/Desktop/Arusha-Home-Design-articture/.next/dev/static/chunks/node_modules_next_dist_compiled_react-dom_058-ah~._.js:10200:106)
    at <unknown> (file://C:/Users/SFG DESIGN/Desktop/Arusha-Home-Design-articture/.next/dev/static/chunks/node_modules_next_dist_compiled_react-dom_058-ah~._.js:10274:158)
    at ProductDetailPage (app\products\[id]\page.tsx:30:10)
  28 |   }
  29 |
> 30 |   return <ProductDetailClient plan={plan} />;
     |          ^
  31 | }
  32 |
⚠ Fast Refresh had to perform a full reload due to a runtime error.
✓ Compiled in 928ms
⚠ Fast Refresh had to perform a full reload due to a runtime error.
 GET /products/AHD-22304 404 in 7.6s (next.js: 2.1s, application-code: 5.5s)
 GET /products/AHD-22304 200 in 225ms (next.js: 175ms, application-code: 50ms)
 GET /products/AHD-22304 200 in 380ms (next.js: 26ms, application-code: 354ms)
 GET /products/AHD-13418 200 in 400ms (next.js: 38ms, application-code: 363ms)
 GET /products/AHD-23307 200 in 303ms (next.js: 15ms, application-code: 288ms)
 GET /products/AHD-23307 200 in 3.5s (next.js: 1976ms, application-code: 1489ms)
 GET /products/AHD-23307 200 in 1664ms (next.js: 12ms, application-code: 1652ms)
 GET /products/AHD-23307 200 in 1755ms (next.js: 30ms, application-code: 1725ms)
 GET /products/AHD-23307 200 in 667ms (next.js: 10ms, application-code: 658ms)
 GET /products/AHD-23307 200 in 1169ms (next.js: 601ms, application-code: 569ms)
 GET /products/AHD-23307 200 in 931ms (next.js: 11ms, application-code: 919ms)
 GET /products/AHD-23307 404 in 10.1s (next.js: 936ms, application-code: 9.2s)
 GET /products 200 in 2.7s (next.js: 1971ms, application-code: 751ms)
 GET /products 200 in 899ms (next.js: 17ms, application-code: 882ms)
 GET / 200 in 649ms (next.js: 400ms, application-code: 249ms)
 GET / 200 in 267ms (next.js: 16ms, application-code: 250ms)
 GET /projects 200 in 383ms (next.js: 139ms, application-code: 244ms)
 GET /projects 200 in 666ms (next.js: 7ms, application-code: 659ms)
✓ Compiled in 4.7s
 GET / 200 in 4.7s (next.js: 3.9s, application-code: 826ms)
 GET / 200 in 423ms (next.js: 56ms, application-code: 368ms)
 GET / 200 in 251ms (next.js: 16ms, application-code: 235ms)
 GET / 200 in 138ms (next.js: 12ms, application-code: 126ms)
 GET /projects 200 in 522ms (next.js: 54ms, application-code: 468ms)
 GET /projects 200 in 7.7s (next.js: 284ms, application-code: 7.5s)
